// Jest Snapshot v1, https://goo.gl/fbAQLP

exports[`CreatePostForm should render CreatePostForm  1`] = `
<div
  className="PostForm"
>
  <h1>
    New Blog Post
  </h1>
  <form>
    <p>
       
      <label>
        TITLE:
      </label>
      <textarea
        id="title"
        onChange={[Function]}
        type="text"
        value=""
      />
    </p>
    <p>
       
      <label>
        DESCRIPTION
      </label>
      <textarea
        id="description"
        onChange={[Function]}
        type="text"
        value=""
      />
    </p>
    <p>
       
      <label>
        Date
      </label>
      <input
        id="date"
        onChange={[Function]}
        type="date"
        value=""
      />
    </p>
    <p>
       
      <label>
        IMAGE
      </label>
      <input
        id="imageFile"
        onChange={[Function]}
        type="file"
        value=""
      />
    </p>
    <p>
      <button
        className="submit"
        onClick={[Function]}
        type="button"
      >
        Submit
      </button>
    </p>
  </form>
</div>
`;
