// Jest Snapshot v1, https://goo.gl/fbAQLP

exports[`BlogHeader should render header 1`] = `
<div
  class="header"
>
  <span
    class="artifactClass"
  >
    The Artifact
  </span>
  <br />
  <span
    class="CultureClass"
  >
    Culture & Art blog
  </span>
  <div
    class="header-right"
  >
    <a
      href=""
    >
      Blog
    </a>
    <a
      href=""
    >
      About
    </a>
    <a
      href=""
    >
      Contact
    </a>
  </div>
</div>
`;
