// Jest Snapshot v1, https://goo.gl/fbAQLP

exports[`BlogHeader should render header 1`] = `
<div
  className="header"
>
  <span
    className="artifactClass"
  >
    The Artifact
  </span>
  <br />
  <span
    className="CultureClass"
  >
    Culture & Art blog
  </span>
  <div
    className="header-right"
  >
    <a
      href=""
    >
      Blog
    </a>
    <a
      href=""
    >
      About
    </a>
    <a
      href=""
    >
      Contact
    </a>
  </div>
</div>
`;
